starting benchmark...
spawning thread #0: 1 total client(s). Timing-based test with 0s of warm-up time and 10s of main duration for measurements.
Warm-up started for thread #0.
progress: 100% of clients started
Warm-up phase is over for thread #0.
Main benchmark duration is started for thread #0.
TLS Protocol: TLSv1.3
Cipher: TLS_AES_128_GCM_SHA256
Server Temp Key: X25519 253 bits
Certificate: ECDSA prime256v1 256 bits
Negotiated Group: x25519
Resumption: no
Application protocol: h2
Main benchmark duration is over for thread #0. Stopping all clients.
Stopped all clients for thread #0

finished in 10.00s, 5994.20 req/s, 63.75KB/s
requests: 59942 total, 59942 started, 59942 done, 59942 succeeded, 0 failed, 0 errored, 0 timeout
status codes: 59942 2xx, 0 3xx, 0 4xx, 0 5xx
traffic: 637.49KB (652790) total, 58.54KB (59942) headers (space savings 90.00%), 0B (0) data
                 min         max         median     p95        p99        mean         sd        +/- sd
request     :      127us      1.09ms       531us      792us      886us      534us       145us    65.06%
connect     :     1.28ms      1.28ms      1.28ms     1.28ms     1.28ms     1.28ms         0us   100.00%
TTFB        :     1.48ms      1.48ms      1.48ms     1.48ms     1.48ms     1.48ms         0us   100.00%
req/s       :    5993.89     5993.89     5993.89    5993.89    5993.89    5993.89        0.00   100.00%
