starting benchmark...
spawning thread #0: 1 total client(s). Timing-based test with 0s of warm-up time and 10s of main duration for measurements.
Warm-up started for thread #0.
progress: 100% of clients started
Warm-up phase is over for thread #0.
Main benchmark duration is started for thread #0.
TLS Protocol: TLSv1.3
Cipher: TLS_AES_128_GCM_SHA256
Server Temp Key: X25519 253 bits
Certificate: ECDSA prime256v1 256 bits
Negotiated Group: x25519
Resumption: no
Application protocol: h2
Main benchmark duration is over for thread #0. Stopping all clients.
Stopped all clients for thread #0

finished in 10.00s, 996.10 req/s, 10.36KB/s
requests: 9961 total, 9961 started, 9961 done, 9961 succeeded, 0 failed, 0 errored, 0 timeout
status codes: 9961 2xx, 0 3xx, 0 4xx, 0 5xx
traffic: 103.60KB (106089) total, 9.73KB (9961) headers (space savings 90.00%), 0B (0) data
                 min         max         median     p95        p99        mean         sd        +/- sd
request     :       92us      1.07ms       171us      242us      280us      176us        45us    79.81%
connect     :    38.58ms     38.58ms     38.58ms    38.58ms    38.58ms    38.58ms         0us   100.00%
TTFB        :    38.87ms     38.87ms     38.87ms    38.87ms    38.87ms    38.87ms         0us   100.00%
req/s       :     996.05      996.05      996.05     996.05     996.05     996.05        0.00   100.00%
