starting benchmark...
spawning thread #0: 1 total client(s). Timing-based test with 0s of warm-up time and 10s of main duration for measurements.
Warm-up started for thread #0.
progress: 100% of clients started
Warm-up phase is over for thread #0.
Main benchmark duration is started for thread #0.
TLS Protocol: TLSv1.3
Cipher: TLS_AES_128_GCM_SHA256
Server Temp Key: X25519 253 bits
Certificate: ECDSA prime256v1 256 bits
Negotiated Group: x25519
Resumption: no
Application protocol: h2
Main benchmark duration is over for thread #0. Stopping all clients.
Stopped all clients for thread #0

finished in 10.00s, 9989.90 req/s, 107.13KB/s
requests: 99899 total, 99899 started, 99899 done, 99899 succeeded, 0 failed, 0 errored, 0 timeout
status codes: 99899 2xx, 0 3xx, 0 4xx, 0 5xx
traffic: 1.05MB (1097015) total, 97.56KB (99899) headers (space savings 90.00%), 0B (0) data
                 min         max         median     p95        p99        mean         sd        +/- sd
request     :      131us      2.20ms       759us     1.22ms     1.37ms      787us       250us    67.81%
connect     :     1.22ms      1.22ms      1.22ms     1.22ms     1.22ms     1.22ms         0us   100.00%
TTFB        :     1.44ms      1.44ms      1.44ms     1.44ms     1.44ms     1.44ms         0us   100.00%
req/s       :    9989.28     9989.28     9989.28    9989.28    9989.28    9989.28        0.00   100.00%
