starting benchmark...
spawning thread #0: 1 total client(s). Timing-based test with 0s of warm-up time and 10s of main duration for measurements.
Warm-up started for thread #0.
progress: 100% of clients started
Warm-up phase is over for thread #0.
Main benchmark duration is started for thread #0.
TLS Protocol: TLSv1.3
Cipher: TLS_AES_128_GCM_SHA256
Server Temp Key: X25519 253 bits
Certificate: ECDSA prime256v1 256 bits
Negotiated Group: x25519
Resumption: no
Application protocol: h2
Main benchmark duration is over for thread #0. Stopping all clients.
Stopped all clients for thread #0

finished in 10.00s, 2997.10 req/s, 31.27KB/s
requests: 29971 total, 29971 started, 29971 done, 29971 succeeded, 0 failed, 0 errored, 0 timeout
status codes: 29971 2xx, 0 3xx, 0 4xx, 0 5xx
traffic: 312.75KB (320255) total, 29.27KB (29971) headers (space savings 90.00%), 0B (0) data
                 min         max         median     p95        p99        mean         sd        +/- sd
request     :      150us      1.58ms       312us      468us      538us      320us        94us    74.92%
connect     :     1.34ms      1.34ms      1.34ms     1.34ms     1.34ms     1.34ms         0us   100.00%
TTFB        :     1.60ms      1.60ms      1.60ms     1.60ms     1.60ms     1.60ms         0us   100.00%
req/s       :    2996.82     2996.82     2996.82    2996.82    2996.82    2996.82        0.00   100.00%
