starting benchmark...
spawning thread #0: 1 total client(s). Timing-based test with 0s of warm-up time and 10s of main duration for measurements.
Warm-up started for thread #0.
progress: 100% of clients started
Warm-up phase is over for thread #0.
Main benchmark duration is started for thread #0.
TLS Protocol: TLSv1.3
Cipher: TLS_AES_128_GCM_SHA256
Server Temp Key: X25519 253 bits
Certificate: ECDSA prime256v1 256 bits
Negotiated Group: x25519
Resumption: no
Application protocol: h3
Main benchmark duration is over for thread #0. Stopping all clients.
Stopped all clients for thread #0

finished in 10.00s, 2997.00 req/s, 17.57KB/s
requests: 29970 total, 29970 started, 29970 done, 29970 succeeded, 0 failed, 0 errored, 0 timeout
status codes: 29970 2xx, 0 3xx, 0 4xx, 0 5xx
traffic: 175.69KB (179903) total, 117.07KB (119880) headers (space savings 60.00%), 0B (0) data
UDP datagram: 31062 sent, 29985 received
                 min         max         median     p95        p99        mean         sd        +/- sd
request     :      287us      1.30ms       488us      679us      784us      504us        93us    74.19%
connect     :     1.51ms      1.51ms      1.51ms     1.51ms     1.51ms     1.51ms         0us   100.00%
TTFB        :     1.88ms      1.88ms      1.88ms     1.88ms     1.88ms     1.88ms         0us   100.00%
req/s       :    2996.66     2996.66     2996.66    2996.66    2996.66    2996.66        0.00   100.00%
min RTT     :       44us        44us        44us       44us       44us       44us         0us   100.00%
smoothed RTT:      412us       412us       412us      412us      412us      412us         0us   100.00%
packets sent:      31064       31064       31064      31064      31064   31064.00        0.00   100.00%
packets recv:      29987       29987       29987      29987      29987   29987.00        0.00   100.00%
packets lost:          0           0           0          0          0       0.00        0.00   100.00%
GRO packets :          1           1           1          1          1       1.00        0.00   100.00%
