starting benchmark...
spawning thread #0: 1 total client(s). Timing-based test with 0s of warm-up time and 10s of main duration for measurements.
Warm-up started for thread #0.
progress: 100% of clients started
Warm-up phase is over for thread #0.
Main benchmark duration is started for thread #0.
TLS Protocol: TLSv1.3
Cipher: TLS_AES_128_GCM_SHA256
Server Temp Key: X25519 253 bits
Certificate: ECDSA prime256v1 256 bits
Negotiated Group: x25519
Resumption: no
Application protocol: h3
Main benchmark duration is over for thread #0. Stopping all clients.
Stopped all clients for thread #0

finished in 10.00s, 999.10 req/s, 5.86KB/s
requests: 9991 total, 9991 started, 9991 done, 9991 succeeded, 0 failed, 0 errored, 0 timeout
status codes: 9991 2xx, 0 3xx, 0 4xx, 0 5xx
traffic: 58.62KB (60029) total, 39.03KB (39964) headers (space savings 60.00%), 0B (0) data
UDP datagram: 11023 sent, 10005 received
                 min         max         median     p95        p99        mean         sd        +/- sd
request     :      126us      2.28ms       230us      319us      433us      239us        89us    95.34%
connect     :     1.76ms      1.76ms      1.76ms     1.76ms     1.76ms     1.76ms         0us   100.00%
TTFB        :     2.11ms      2.11ms      2.11ms     2.11ms     2.11ms     2.11ms         0us   100.00%
req/s       :     999.02      999.02      999.02     999.02     999.02     999.02        0.00   100.00%
min RTT     :       54us        54us        54us       54us       54us       54us         0us   100.00%
smoothed RTT:      171us       171us       171us      171us      171us      171us         0us   100.00%
packets sent:      11025       11025       11025      11025      11025   11025.00        0.00   100.00%
packets recv:      10007       10007       10007      10007      10007   10007.00        0.00   100.00%
packets lost:          0           0           0          0          0       0.00        0.00   100.00%
GRO packets :          1           1           1          1          1       1.00        0.00   100.00%
